[(0,163),(0,186),(0,163)]
[(163,247),(186,327),(163,284)]
[(247,400),(327,480),(284,481)]
